Microchip MPLAB XC8 Compiler V2.31

Linker command line:

-W-3 --edf=/opt/microchip/xc8/v2.31/pic/dat/en_msgs.txt -cn \
  -h+dist/default/production/Variable_power_supply.X.production.sym \
  --cmf=dist/default/production/Variable_power_supply.X.production.cmf -z \
  -Q16F676 -o/tmp/xcXoAkAjI --defsym=__MPLAB_BUILD=1 \
  -Mdist/default/production/Variable_power_supply.X.production.map -E1 \
  -ver=XC8 Compiler --acfsm=1493 -ASTACK=047h-05Dh -pstack=STACK \
  -ACODE=00h-03FEh -ASTRCODE=00h-03FEh -ASTRING=00h-0FFhx3,0300h-03FEh \
  -ACONST=00h-0FFhx3,0300h-03FEh -AENTRY=00h-0FFhx3,0300h-03FEh \
  -ABANK0=020h-05Dh -ARAM=020h-05Dh -AABS1=020h-05Fh -ACOMMON=05Eh-05Fh \
  -ASFR0=00h-01Fh -ASFR1=080h-0DDh -ACONFIG=02007h-02007h -DCONFIG=2 \
  -AIDLOC=02000h-02003h -DIDLOC=2 -AEEDATA=00h-07Fh/02100h \
  -peeprom_data=EEDATA -DEEDATA=2 -DCODE=2 -DSTRCODE=2 -DSTRING=2 -DCONST=2 \
  -DENTRY=2 -preset_vec=00h,intentry=04h,init,end_init -ppowerup=CODE \
  -pcinit=CODE -pfunctab=ENTRY -posccal=03FFh -k /tmp/xcXDACMOJ.o \
  dist/default/production/Variable_power_supply.X.production.o 

Object code version is 3.11

Machine type is 16F676



                Name                               Link     Load   Length Selector   Space Scale
/tmp/xcXDACMOJ.o
                end_init                              D        D        1        8       0
                reset_vec                             0        0        1        0       0
                config                             2007     2007        1        0       4
dist/default/production/Variable_power_supply.X.production.o
                cinit                                 E        E        6        8       0
                intentry                              4        4        9        8       0
                config                             2007     2007        1        0       4
                text11                               14       14       8F        8       0
                text10                              1D0      1D0       21        8       0
                text9                               1F1      1F1       19        8       0
                text8                               159      159       29        8       0
                text7                               224      224        6        8       0
                text6                               21A      21A        A        8       0
                text5                               20A      20A       10        8       0
                text4                               1AA      1AA       26        8       0
                text3                                A3       A3       45        8       0
                text2                                E8       E8       3B        8       0
                text1                               182      182       28        8       0
                maintext                            123      123       36        8       0
                cstackBANK0                          20       20       24       20       1
                bssBANK0                             44       44        3       20       1

TOTAL           Name                               Link     Load   Length     Space
        CLASS   STACK          

        CLASS   CODE           
                end_init                              D        D        1         0
                cinit                                 E        E        6         0
                intentry                              4        4        9         0
                reset_vec                             0        0        1         0
                text11                               14       14       8F         0
                text10                              1D0      1D0       21         0
                text9                               1F1      1F1       19         0
                text8                               159      159       29         0
                text7                               224      224        6         0
                text6                               21A      21A        A         0
                text5                               20A      20A       10         0
                text4                               1AA      1AA       26         0
                text3                                A3       A3       45         0
                text2                                E8       E8       3B         0
                text1                               182      182       28         0
                maintext                            123      123       36         0

        CLASS   STRCODE        

        CLASS   STRING         

        CLASS   CONST          

        CLASS   ENTRY          

        CLASS   BANK0          
                cstackBANK0                          20       20       24         1
                bssBANK0                             44       44        3         1

        CLASS   RAM            

        CLASS   ABS1           
                abs_s1                               5E       5E        2         1

        CLASS   COMMON         

        CLASS   SFR0           

        CLASS   SFR1           

        CLASS   CONFIG         
                config                             2007     2007        1         4

        CLASS   IDLOC          

        CLASS   EEDATA         

        CLASS   BANK1          



SEGMENTS        Name                           Load    Length   Top    Selector   Space  Class     Delta

                cstackBANK0                    000020  000027  000047        20       1  BANK0       1
                reset_vec                      000000  000001  000001         0       0  CODE        2
                intentry                       000004  000226  00022A         8       0  CODE        2


UNUSED ADDRESS RANGES

        Name                Unused          Largest block    Delta
        BANK0            0047-005D             17           1
        CODE             0001-0003              3           2
                         022A-03FE            1D5
        CONST            0001-0003              3           2
                         022A-03FE             D6
        EEDATA           2100-217F             80           2
        ENTRY            0001-0003              3           2
                         022A-03FE             D6
        IDLOC            2000-2003              4           2
        RAM              0047-005D             17           1
        SFR0             0000-001F             20           1
        SFR1             0080-00DD             5E           1
        STACK            0047-005D             17           1
        STRCODE          0001-0003              3           2
                         022A-03FE            1D5
        STRING           0001-0003              3           2
                         022A-03FE             D6

                                  Symbol Table

?_ADC                      cstackBANK0  0027
?___lwdiv                  cstackBANK0  002D
?___lwmod                  cstackBANK0  0035
?___wmul                   cstackBANK0  0027
ADC@CH                     cstackBANK0  002B
_ADC                       text8        0159
_ADCON0                    (abs)        001F
_ADCON0bits                (abs)        001F
_ADCON1                    (abs)        009F
_ADC_init                  text7        0224
_ADRESH                    (abs)        001E
_ADRESL                    (abs)        009E
_ANSEL                     (abs)        0091
_CMCON                     (abs)        0019
_INTCONbits                (abs)        000B
_ISR_call                  text10       01D0
_Interrupt_config          text6        021A
_OPTION_REG                (abs)        0081
_PORTA                     (abs)        0005
_PORTAbits                 (abs)        0005
_PORTC                     (abs)        0007
_PORTCbits                 (abs)        0007
_PORT_config               text5        020A
_T0IF                      (abs)        005A
_TMR0                      (abs)        0001
_TMR0IE                    (abs)        005D
_TMR0IF                    (abs)        005A
_TRISA                     (abs)        0085
_TRISC                     (abs)        0087
__Habs1                    abs1         07FE
__Hbank0                   bank0        07FE
__Hbank1                   bank1        07FE
__HbssBANK0                bssBANK0     07FE
__Hcinit                   cinit        0014
__Hclrtext                 clrtext      07FE
__Hcode                    code         07FE
__Hcommon                  common       07FE
__Hconfig                  config       2008
__HcstackBANK0             cstackBANK0  07FE
__HcstackCOMMON            cstackCOMMON 07FE
__Heeprom_data             eeprom_data  0000
__Hend_init                end_init     000E
__Hfunctab                 functab      0000
__Hinit                    init         000D
__Hintentry                intentry     000D
__Hmaintext                maintext     07FE
__Hosccal                  osccal       03FF
__Hpowerup                 powerup      0000
__Hram                     ram          07FE
__Hreset_vec               reset_vec    0001
__Hsfr0                    sfr0         07FE
__Hsfr1                    sfr1         07FE
__Hspace_0                 (abs)        07FE
__Hspace_1                 (abs)        07FE
__Hspace_2                 (abs)        0000
__Hspace_3                 (abs)        0000
__Hspace_4                 (abs)        400F
__Hstack                   stack        0000
__Hstrings                 strings      07FE
__Htext                    text         07FE
__Labs1                    abs1         07FE
__Lbank0                   bank0        07FE
__Lbank1                   bank1        07FE
__LbssBANK0                bssBANK0     07FE
__Lcinit                   cinit        000E
__Lclrtext                 clrtext      07FE
__Lcode                    code         07FE
__Lcommon                  common       07FE
__Lconfig                  config       0000
__LcstackBANK0             cstackBANK0  07FE
__LcstackCOMMON            cstackCOMMON 07FE
__Leeprom_data             eeprom_data  0000
__Lend_init                end_init     000D
__Lfunctab                 functab      0000
__Linit                    init         000D
__Lintentry                intentry     0004
__Lmaintext                maintext     07FE
__Losccal                  osccal       03FF
__Lpowerup                 powerup      0000
__Lram                     ram          07FE
__Lreset_vec               reset_vec    0000
__Lsfr0                    sfr0         07FE
__Lsfr1                    sfr1         07FE
__Lspace_0                 (abs)        0000
__Lspace_1                 (abs)        0000
__Lspace_2                 (abs)        0000
__Lspace_3                 (abs)        0000
__Lspace_4                 (abs)        0000
__Lstack                   stack        0000
__Lstrings                 strings      07FE
__Ltext                    text         07FE
__S0                       (abs)        022A
__S1                       (abs)        0047
__S2                       (abs)        0000
__S3                       (abs)        0000
___int_sp                  stack        0000
___latbits                 (abs)        0000
___lwdiv                   text3        00A3
___lwdiv@counter           cstackBANK0  0034
___lwdiv@dividend          cstackBANK0  002F
___lwdiv@divisor           cstackBANK0  002D
___lwdiv@quotient          cstackBANK0  0032
___lwmod                   text2        00E8
___lwmod@counter           cstackBANK0  003A
___lwmod@dividend          cstackBANK0  0037
___lwmod@divisor           cstackBANK0  0035
___osccal_val              osccal       03FF
___sp                      stack        0000
___stackhi                 (abs)        0000
___stacklo                 (abs)        0000
___wmul                    text4        01AA
___wmul@multiplicand       cstackBANK0  0029
___wmul@multiplier         cstackBANK0  0027
___wmul@product            cstackBANK0  002B
__end_of_ADC               text8        0182
__end_of_ADC_init          text7        022A
__end_of_ISR_call          text10       01F1
__end_of_Interrupt_config  text6        0224
__end_of_PORT_config       text5        021A
__end_of___lwdiv           text3        00E8
__end_of___lwmod           text2        0123
__end_of___wmul            text4        01D0
__end_of__initialization   cinit        0012
__end_of_convertion        text1        01AA
__end_of_look_up           text11       00A3
__end_of_main              maintext     0159
__end_of_timer             text9        020A
__initialization           cinit        000E
__pbssBANK0                bssBANK0     0044
__pcstackBANK0             cstackBANK0  0020
__pcstackCOMMON            cstackCOMMON 0000
__pintentry                intentry     0004
__pmaintext                maintext     0123
__ptext1                   text1        0182
__ptext10                  text10       01D0
__ptext11                  text11       0014
__ptext2                   text2        00E8
__ptext3                   text3        00A3
__ptext4                   text4        01AA
__ptext5                   text5        020A
__ptext6                   text6        021A
__ptext7                   text7        0224
__ptext8                   text8        0159
__ptext9                   text9        01F1
__size_of_ADC              (abs)        0000
__size_of_ADC_init         (abs)        0000
__size_of_ISR_call         (abs)        0000
__size_of_Interrupt_config (abs)        0000
__size_of_PORT_config      (abs)        0000
__size_of___lwdiv          (abs)        0000
__size_of___lwmod          (abs)        0000
__size_of___wmul           (abs)        0000
__size_of_convertion       (abs)        0000
__size_of_look_up          (abs)        0000
__size_of_main             (abs)        0000
__size_of_timer            (abs)        0000
_arr                       bssBANK0     0044
_convertion                text1        0182
_count                     bssBANK0     0046
_look_up                   text11       0014
_main                      maintext     0123
_timer                     text9        01F1
btemp                      (abs)        005E
convertion@adc_value       cstackBANK0  003B
end_of_initialization      cinit        0012
interrupt_function         intentry     0004
intlevel0                  functab      0000
intlevel1                  functab      0000
intlevel2                  functab      0000
intlevel3                  functab      0000
intlevel4                  functab      0000
intlevel5                  functab      0000
look_up@data               cstackBANK0  0022
main@adc                   cstackBANK0  0042
main@value                 cstackBANK0  0040
reset_vec                  reset_vec    0000
saved_w                    (abs)        005E
start                      init         000D
start_initialization       cinit        000E
wtemp0                     (abs)        005E


FUNCTION INFORMATION:

 *************** function _main *****************
 Defined at:
		line 231 in file "main.c"
 Parameters:    Size  Location     Type
		None
 Auto vars:     Size  Location     Type
  adc             2   34[BANK0 ] unsigned int 
  value           2   32[BANK0 ] unsigned int 
 Return value:  Size  Location     Type
                  1    wreg      void 
 Registers used:
		wreg, status,2, status,0, pclath, cstack
 Tracked objects:
		On entry : 
		On exit  : 
		Unchanged: 
 Data sizes:     COMMON   BANK0
      Params:         0       0
      Locals:         0       4
      Temps:          0       2
      Totals:         0       6
Total ram usage:        6 bytes
 Hardware stack levels required when called:    5
 This function calls:
		_ADC
		_ADC_init
		_Interrupt_config
		_PORT_config
		___lwdiv
		___wmul
		_convertion
 This function is called by:
		Startup code after reset
 This function uses a non-reentrant model


 *************** function _convertion *****************
 Defined at:
		line 163 in file "main.c"
 Parameters:    Size  Location     Type
  adc_value       2   27[BANK0 ] unsigned int 
 Auto vars:     Size  Location     Type
		None
 Return value:  Size  Location     Type
                  1    wreg      void 
 Registers used:
		wreg, status,2, status,0, pclath, cstack
 Tracked objects:
		On entry : 
		On exit  : 
		Unchanged: 
 Data sizes:     COMMON   BANK0
      Params:         0       2
      Locals:         0       0
      Temps:          0       1
      Totals:         0       3
Total ram usage:        3 bytes
 Hardware stack levels used:    1
 Hardware stack levels required when called:    4
 This function calls:
		___lwdiv
		___lwmod
 This function is called by:
		_main
 This function uses a non-reentrant model


 *************** function ___lwmod *****************
 Defined at:
		line 5 in file "/opt/microchip/xc8/v2.31/pic/sources/c90/common/lwmod.c"
 Parameters:    Size  Location     Type
  divisor         2   21[BANK0 ] unsigned int 
  dividend        2   23[BANK0 ] unsigned int 
 Auto vars:     Size  Location     Type
  counter         1   26[BANK0 ] unsigned char 
 Return value:  Size  Location     Type
                  2   21[BANK0 ] unsigned int 
 Registers used:
		wreg, status,2, status,0
 Tracked objects:
		On entry : 
		On exit  : 
		Unchanged: 
 Data sizes:     COMMON   BANK0
      Params:         0       4
      Locals:         0       1
      Temps:          0       1
      Totals:         0       6
Total ram usage:        6 bytes
 Hardware stack levels used:    1
 Hardware stack levels required when called:    3
 This function calls:
		Nothing
 This function is called by:
		_convertion
 This function uses a non-reentrant model


 *************** function ___lwdiv *****************
 Defined at:
		line 5 in file "/opt/microchip/xc8/v2.31/pic/sources/c90/common/lwdiv.c"
 Parameters:    Size  Location     Type
  divisor         2   13[BANK0 ] unsigned int 
  dividend        2   15[BANK0 ] unsigned int 
 Auto vars:     Size  Location     Type
  quotient        2   18[BANK0 ] unsigned int 
  counter         1   20[BANK0 ] unsigned char 
 Return value:  Size  Location     Type
                  2   13[BANK0 ] unsigned int 
 Registers used:
		wreg, status,2, status,0
 Tracked objects:
		On entry : 
		On exit  : 
		Unchanged: 
 Data sizes:     COMMON   BANK0
      Params:         0       4
      Locals:         0       3
      Temps:          0       1
      Totals:         0       8
Total ram usage:        8 bytes
 Hardware stack levels used:    1
 Hardware stack levels required when called:    3
 This function calls:
		Nothing
 This function is called by:
		_convertion
		_main
 This function uses a non-reentrant model


 *************** function ___wmul *****************
 Defined at:
		line 15 in file "/opt/microchip/xc8/v2.31/pic/sources/c90/common/Umul16.c"
 Parameters:    Size  Location     Type
  multiplier      2    7[BANK0 ] unsigned int 
  multiplicand    2    9[BANK0 ] unsigned int 
 Auto vars:     Size  Location     Type
  product         2   11[BANK0 ] unsigned int 
 Return value:  Size  Location     Type
                  2    7[BANK0 ] unsigned int 
 Registers used:
		wreg, status,2, status,0
 Tracked objects:
		On entry : 
		On exit  : 
		Unchanged: 
 Data sizes:     COMMON   BANK0
      Params:         0       4
      Locals:         0       2
      Temps:          0       0
      Totals:         0       6
Total ram usage:        6 bytes
 Hardware stack levels used:    1
 Hardware stack levels required when called:    3
 This function calls:
		Nothing
 This function is called by:
		_main
 This function uses a non-reentrant model


 *************** function _PORT_config *****************
 Defined at:
		line 168 in file "main.c"
 Parameters:    Size  Location     Type
		None
 Auto vars:     Size  Location     Type
		None
 Return value:  Size  Location     Type
                  1    wreg      void 
 Registers used:
		wreg, status,2
 Tracked objects:
		On entry : 
		On exit  : 
		Unchanged: 
 Data sizes:     COMMON   BANK0
      Params:         0       0
      Locals:         0       0
      Temps:          0       0
      Totals:         0       0
Total ram usage:        0 bytes
 Hardware stack levels used:    1
 Hardware stack levels required when called:    3
 This function calls:
		Nothing
 This function is called by:
		_main
 This function uses a non-reentrant model


 *************** function _Interrupt_config *****************
 Defined at:
		line 176 in file "main.c"
 Parameters:    Size  Location     Type
		None
 Auto vars:     Size  Location     Type
		None
 Return value:  Size  Location     Type
                  1    wreg      void 
 Registers used:
		wreg
 Tracked objects:
		On entry : 
		On exit  : 
		Unchanged: 
 Data sizes:     COMMON   BANK0
      Params:         0       0
      Locals:         0       0
      Temps:          0       0
      Totals:         0       0
Total ram usage:        0 bytes
 Hardware stack levels used:    1
 Hardware stack levels required when called:    3
 This function calls:
		Nothing
 This function is called by:
		_main
 This function uses a non-reentrant model


 *************** function _ADC_init *****************
 Defined at:
		line 210 in file "main.c"
 Parameters:    Size  Location     Type
		None
 Auto vars:     Size  Location     Type
		None
 Return value:  Size  Location     Type
                  1    wreg      void 
 Registers used:
		wreg, status,2
 Tracked objects:
		On entry : 
		On exit  : 
		Unchanged: 
 Data sizes:     COMMON   BANK0
      Params:         0       0
      Locals:         0       0
      Temps:          0       0
      Totals:         0       0
Total ram usage:        0 bytes
 Hardware stack levels used:    1
 Hardware stack levels required when called:    3
 This function calls:
		Nothing
 This function is called by:
		_main
 This function uses a non-reentrant model


 *************** function _ADC *****************
 Defined at:
		line 201 in file "main.c"
 Parameters:    Size  Location     Type
  CH              1    wreg     unsigned char 
 Auto vars:     Size  Location     Type
  CH              1   11[BANK0 ] unsigned char 
 Return value:  Size  Location     Type
                  2    7[BANK0 ] unsigned int 
 Registers used:
		wreg, status,2, status,0
 Tracked objects:
		On entry : 
		On exit  : 
		Unchanged: 
 Data sizes:     COMMON   BANK0
      Params:         0       2
      Locals:         0       1
      Temps:          0       2
      Totals:         0       5
Total ram usage:        5 bytes
 Hardware stack levels used:    1
 Hardware stack levels required when called:    3
 This function calls:
		Nothing
 This function is called by:
		_main
 This function uses a non-reentrant model


 *************** function _timer *****************
 Defined at:
		line 216 in file "main.c"
 Parameters:    Size  Location     Type
		None
 Auto vars:     Size  Location     Type
		None
 Return value:  Size  Location     Type
                  1    wreg      void 
 Registers used:
		wreg, fsr0l, fsr0h, status,2, status,0, pclath, cstack
 Tracked objects:
		On entry : 
		On exit  : 
		Unchanged: 
 Data sizes:     COMMON   BANK0
      Params:         0       0
      Locals:         0       0
      Temps:          0       3
      Totals:         0       3
Total ram usage:        3 bytes
 Hardware stack levels used:    1
 Hardware stack levels required when called:    2
 This function calls:
		_ISR_call
 This function is called by:
		Interrupt level 1
 This function uses a non-reentrant model


 *************** function _ISR_call *****************
 Defined at:
		line 183 in file "main.c"
 Parameters:    Size  Location     Type
		None
 Auto vars:     Size  Location     Type
		None
 Return value:  Size  Location     Type
                  1    wreg      void 
 Registers used:
		wreg, fsr0l, fsr0h, status,2, status,0, pclath, cstack
 Tracked objects:
		On entry : 
		On exit  : 
		Unchanged: 
 Data sizes:     COMMON   BANK0
      Params:         0       0
      Locals:         0       0
      Temps:          0       1
      Totals:         0       1
Total ram usage:        1 bytes
 Hardware stack levels used:    1
 Hardware stack levels required when called:    1
 This function calls:
		_look_up
 This function is called by:
		_timer
 This function uses a non-reentrant model


 *************** function _look_up *****************
 Defined at:
		line 46 in file "main.c"
 Parameters:    Size  Location     Type
  data            1    wreg     unsigned char 
 Auto vars:     Size  Location     Type
  data            1    2[BANK0 ] unsigned char 
 Return value:  Size  Location     Type
                  1    wreg      void 
 Registers used:
		wreg, fsr0l, fsr0h, status,2, status,0
 Tracked objects:
		On entry : 
		On exit  : 
		Unchanged: 
 Data sizes:     COMMON   BANK0
      Params:         0       0
      Locals:         0       1
      Temps:          0       2
      Totals:         0       3
Total ram usage:        3 bytes
 Hardware stack levels used:    1
 This function calls:
		Nothing
 This function is called by:
		_ISR_call
 This function uses a non-reentrant model



MODULE INFORMATION

Module		Function		Class		Link	Load	Size
/opt/microchip/xc8/v2.31/pic/sources/c90/common/lwmod.c
		___lwmod       		CODE           	00E8	0000	59

/opt/microchip/xc8/v2.31/pic/sources/c90/common/lwmod.c estimated size: 59

shared
		__initialization		CODE           	000E	0000	4

shared estimated size: 4

/opt/microchip/xc8/v2.31/pic/sources/c90/common/lwdiv.c
		___lwdiv       		CODE           	00A3	0000	69

/opt/microchip/xc8/v2.31/pic/sources/c90/common/lwdiv.c estimated size: 69

/opt/microchip/xc8/v2.31/pic/sources/c90/common/Umul16.c
		___wmul        		CODE           	01AA	0000	38

/opt/microchip/xc8/v2.31/pic/sources/c90/common/Umul16.c estimated size: 38

main.c
		_ISR_call      		CODE           	01D0	0000	33
		_ADC           		CODE           	0159	0000	41
		_PORT_config   		CODE           	020A	0000	16
		_look_up       		CODE           	0014	0000	143
		_main          		CODE           	0123	0000	54
		_Interrupt_config		CODE           	021A	0000	10
		_ADC_init      		CODE           	0224	0000	6
		_timer         		CODE           	01F1	0000	25
		_convertion    		CODE           	0182	0000	40

main.c estimated size: 368

